numero de elementos de a: 3
soma dos elementos de a: 0
